1780522365.5890744 "[ 0.02991229 -0.00656928  0.04716358  0.02783175]" 0 1.0 "[ 0.02978091 -0.20233475  0.04772021  0.33501437]" 1.0 False 7 0 0 0.8991
1780522365.5997148 "[ 0.02978091 -0.20233475  0.04772021  0.33501437]" 0 1.0 "[ 0.02573421 -0.39810222  0.0544205   0.6423557 ]" 2.0 False 7 1 0 0.8991
1780522365.6101265 "[ 0.02573421 -0.39810222  0.0544205   0.6423557 ]" 1 1.0 "[ 0.01777217 -0.20377937  0.06726762  0.3672947 ]" 3.0 False 7 2 0 0.8991
1780522365.6205292 "[ 0.01777217 -0.20377937  0.06726762  0.3672947 ]" 0 1.0 "[ 0.01369658 -0.39978948  0.07461351  0.6804067 ]" 4.0 False 7 3 0 0.8991
1780522367.1589365 "[ 0.01369658 -0.39978948  0.07461351  0.6804067 ]" 1 1.0 "[ 0.00570079 -0.20577885  0.08822164  0.41211644]" 5.0 False 7 4 0 0.8991
1780522371.2301767 "[ 0.00570079 -0.20577885  0.08822164  0.41211644]" 1 1.0 "[ 0.00158521 -0.01201103  0.09646397  0.1484986 ]" 6.0 False 7 5 0 0.893718868531481
1780522371.8051589 "[ 0.00158521 -0.01201103  0.09646397  0.1484986 ]" 1 1.0 "[ 0.00134499  0.1816067   0.09943394 -0.11226136]" 7.0 False 7 6 0 0.885707497634076
1780522372.3719084 "[ 0.00134499  0.1816067   0.09943394 -0.11226136]" 0 1.0 "[ 0.00497713 -0.01478906  0.09718872  0.21006258]" 8.0 False 7 7 0 0.8786465879252672
1780522372.9375281 "[ 0.00497713 -0.01478906  0.09718872  0.21006258]" 1 1.0 "[ 0.00468135  0.17881861  0.10138997 -0.05044993]" 9.0 False 7 8 0 0.8707703262153905
1780522373.5114846 "[ 0.00468135  0.17881861  0.10138997 -0.05044993]" 1 1.0 "[ 0.00825772  0.3723516   0.10038097 -0.30950096]" 10.0 True 7 9 0 0.8638284964725682
1780522374.0748758 "[-0.03501174  0.01009521  0.01620683  0.00041977]" 1 1.0 "[-0.03480984  0.20498103  0.01621523 -0.28710598]" 1.0 False 15 0 0 0.8569420073847126
1780522374.6865177 "[-0.03480984  0.20498103  0.01621523 -0.28710598]" 0 1.0 "[-0.03071022  0.00963163  0.01047311  0.01064668]" 2.0 False 15 1 1 0.8526658582027266
1780522375.2189407 "[-0.03071022  0.00963163  0.01047311  0.01064668]" 0 1.0 "[-0.03051759 -0.18563895  0.01068604  0.3066155 ]" 3.0 False 15 2 0 0.8467150733648501
1780522375.7851799 "[-0.03051759 -0.18563895  0.01068604  0.3066155 ]" 1 1.0 "[-0.03423036  0.00932912  0.01681835  0.01732175]" 4.0 False 15 3 0 0.8399650134431641
1780522376.349791 "[-0.03423036  0.00932912  0.01681835  0.01732175]" 1 1.0 "[-0.03404378  0.20420589  0.01716479 -0.2700077 ]" 5.0 False 15 4 0 0.8349378060510009
1780522376.9700763 "[-0.03404378  0.20420589  0.01716479 -0.2700077 ]" 0 1.0 "[-0.02995966  0.00884325  0.01176463  0.0280393 ]" 6.0 False 15 5 1 0.828281635163044
1780522377.4915092 "[-0.02995966  0.00884325  0.01176463  0.0280393 ]" 0 1.0 "[-0.0297828  -0.18644543  0.01232542  0.32441077]" 7.0 False 15 6 0 0.8225010286703565
1780522378.2026389 "[-0.0297828  -0.18644543  0.01232542  0.32441077]" 1 1.0 "[-0.03351171  0.00849888  0.01881364  0.03564009]" 8.0 False 15 7 0 0.8151280604628006
1780522378.7763028 "[-0.03351171  0.00849888  0.01881364  0.03564009]" 1 1.0 "[-0.03334173  0.20334606  0.01952644 -0.25104806]" 9.0 False 15 8 0 0.8078211841606585
1780522379.351016 "[-0.03334173  0.20334606  0.01952644 -0.25104806]" 0 1.0 "[-0.02927481  0.00795079  0.01450548  0.04772937]" 10.0 True 15 9 0 0.8029863582291458
