1780522365.5890713 "[-0.01165663  0.03086895 -0.04313162 -0.0470684 ]" 0 1.0 "[-0.01103925 -0.16360883 -0.04407299  0.23170021]" 1.0 False 3 0 0 0.8991
1780522365.5997143 "[-0.01103925 -0.16360883 -0.04407299  0.23170021]" 0 1.0 "[-0.01431142 -0.35807422 -0.03943898  0.51016176]" 2.0 False 3 1 0 0.8991
1780522365.6101255 "[-0.01431142 -0.35807422 -0.03943898  0.51016176]" 0 1.0 "[-0.02147291 -0.55261904 -0.02923574  0.79016   ]" 3.0 False 3 2 0 0.8991
1780522365.620529 "[-0.02147291 -0.55261904 -0.02923574  0.79016   ]" 1 1.0 "[-0.03252529 -0.35710806 -0.01343254  0.48842478]" 4.0 False 3 3 0 0.8991
1780522367.1588862 "[-0.03252529 -0.35710806 -0.01343254  0.48842478]" 0 1.0 "[-0.03966745 -0.55203795 -0.00366405  0.7768442 ]" 5.0 False 3 4 0 0.8991
1780522371.1671329 "[-0.03966745 -0.55203795 -0.00366405  0.7768442 ]" 1 1.0 "[-0.05070821 -0.3568658   0.01187283  0.4830107 ]" 6.0 False 3 5 0 0.8946134820134944
1780522371.7398264 "[-0.05070821 -0.3568658   0.01187283  0.4830107 ]" 0 1.0 "[-0.05784553 -0.5521533   0.02153305  0.77941185]" 7.0 False 3 6 0 0.8865940917258017
1780522372.31129 "[-0.05784553 -0.5521533   0.02153305  0.77941185]" 1 1.0 "[-0.06888859 -0.3573339   0.03712128  0.49358073]" 8.0 False 3 7 0 0.8795261140393065
1780522372.8772871 "[-0.06888859 -0.3573339   0.03712128  0.49358073]" 0 1.0 "[-0.07603527 -0.5529592   0.0469929   0.7977277 ]" 9.0 False 3 8 0 0.8716419681835741
1780522373.4499638 "[-0.07603527 -0.5529592   0.0469929   0.7977277 ]" 1 1.0 "[-0.08709446 -0.35851243  0.06294745  0.52019036]" 10.0 True 3 9 0 0.8646931896622304
1780522374.0566761 "[ 0.04432096 -0.03557481 -0.01022749  0.04686844]" 0 1.0 "[ 0.04360946 -0.23054862 -0.00929013  0.33630702]" 1.0 False 14 0 1 0.8586584656575621
1780522374.5803556 "[ 0.04360946 -0.23054862 -0.00929013  0.33630702]" 1 1.0 "[ 0.03899849 -0.0352957  -0.00256399  0.04070903]" 2.0 False 14 1 0 0.8526658582027266
1780522375.1594253 "[ 0.03899849 -0.0352957  -0.00256399  0.04070903]" 0 1.0 "[ 0.03829258 -0.23038079 -0.0017498   0.3325819 ]" 3.0 False 14 2 0 0.8467150733648501
1780522375.7227752 "[ 0.03829258 -0.23038079 -0.0017498   0.3325819 ]" 0 1.0 "[ 0.03368496 -0.4254778   0.00490183  0.6247125 ]" 4.0 False 14 3 0 0.8408058192624265
1780522376.2906518 "[ 0.03368496 -0.4254778   0.00490183  0.6247125 ]" 0 1.0 "[ 0.0251754  -0.6206678   0.01739608  0.9189352 ]" 5.0 False 14 4 0 0.8357735796306315
1780522376.906325 "[ 0.0251754  -0.6206678   0.01739608  0.9189352 ]" 1 1.0 "[ 0.01276205 -0.4257853   0.03577479  0.6317698 ]" 6.0 False 14 5 1 0.829110745908953
1780522377.4252093 "[ 0.01276205 -0.4257853   0.03577479  0.6317698 ]" 1 1.0 "[ 0.00424634 -0.23118027  0.04841018  0.35056457]" 7.0 False 14 6 0 0.8225010286703565
1780522378.1372774 "[ 0.00424634 -0.23118027  0.04841018  0.35056457]" 0 1.0 "[-3.7726431e-04 -4.2695606e-01  5.5421475e-02  6.5811127e-01]" 8.0 False 14 7 0 0.8159440044672679
1780522378.7149549 "[-3.7726431e-04 -4.2695606e-01  5.5421475e-02  6.5811127e-01]" 1 1.0 "[-0.00891639 -0.23264752  0.0685837   0.38338155]" 9.0 False 14 8 0 0.8086298139746332
1780522379.2902617 "[-0.00891639 -0.23264752  0.0685837   0.38338155]" 1 1.0 "[-0.01356934 -0.03856295  0.07625133  0.1130869 ]" 10.0 True 14 9 0 0.8037901483775233
