1780522366.538478 "[ 0.04488637 -0.0172636   0.03083636 -0.02694324]" 1 1.0 "[ 0.0445411   0.17740288  0.03029749 -0.30973968]" 1.0 False 9 0 1 0.9
1780522366.5818353 "[ 0.0445411   0.17740288  0.03029749 -0.30973968]" 1 1.0 "[ 0.04808916  0.37208036  0.0241027  -0.5927158 ]" 2.0 False 9 1 1 0.9
1780522366.623957 "[ 0.04808916  0.37208036  0.0241027  -0.5927158 ]" 1 1.0 "[ 0.05553076  0.56685674  0.01224838 -0.87771   ]" 3.0 False 9 2 1 0.9
1780522366.6322343 "[ 0.05553076  0.56685674  0.01224838 -0.87771   ]" 1 1.0 "[ 0.0668679   0.7618101  -0.00530582 -1.1665171 ]" 4.0 False 9 3 0 0.8991
1780522366.985077 "[ 0.0668679   0.7618101  -0.00530582 -1.1665171 ]" 1 1.0 "[ 0.0821041   0.95700073 -0.02863616 -1.4608588 ]" 5.0 False 9 4 0 0.8991
1780522370.820069 "[ 0.0821041   0.95700073 -0.02863616 -1.4608588 ]" 0 1.0 "[ 0.10124411  0.7622413  -0.05785334 -1.1772574 ]" 6.0 False 9 5 0 0.8982009
1780522371.3869147 "[ 0.10124411  0.7622413  -0.05785334 -1.1772574 ]" 0 1.0 "[ 0.11648894  0.5679166  -0.08139849 -0.90325737]" 7.0 False 9 6 0 0.8901493517965845
1780522371.9617786 "[ 0.11648894  0.5679166  -0.08139849 -0.90325737]" 0 1.0 "[ 0.12784727  0.37398592 -0.09946363 -0.63722926]" 8.0 False 9 7 0 0.8821699783465812
1780522372.5330336 "[ 0.12784727  0.37398592 -0.09946363 -0.63722926]" 0 1.0 "[ 0.135327    0.18038137 -0.11220822 -0.3774519 ]" 9.0 False 9 8 0 0.875137269939386
1780522373.0712967 "[ 0.135327    0.18038137 -0.11220822 -0.3774519 ]" 0 1.0 "[ 0.13893461 -0.01298299 -0.11975726 -0.12214943]" 10.0 True 9 9 1 0.8690296563332859
1780522373.603466 "[ 0.00623979  0.02365756  0.0493924  -0.01913406]" 1 1.0 "[ 0.00671294  0.21803765  0.04900972 -0.29583314]" 1.0 False 10 0 0 0.8621017033081195
1780522374.172905 "[ 0.00671294  0.21803765  0.04900972 -0.29583314]" 0 1.0 "[0.0110737  0.02225252 0.04309305 0.01189501]" 2.0 False 10 1 0 0.8552289803119505
1780522374.6768348 "[0.0110737  0.02225252 0.04309305 0.01189501]" 1 1.0 "[ 0.01151875  0.21673082  0.04333095 -0.26688617]" 3.0 False 10 2 0 0.8509613791521793
1780522375.2813354 "[ 0.01151875  0.21673082  0.04333095 -0.26688617]" 0 1.0 "[0.01585336 0.02101809 0.03799323 0.03914266]" 4.0 False 10 3 1 0.8458683582914852
1780522375.814802 "[0.01585336 0.02101809 0.03799323 0.03914266]" 1 1.0 "[ 0.01627373  0.2155752   0.03877608 -0.24131508]" 5.0 False 10 4 0 0.8391250484297209
1780522376.3883436 "[ 0.01627373  0.2155752   0.03877608 -0.24131508]" 1 1.0 "[ 0.02058523  0.41012242  0.03394978 -0.52151924]" 6.0 False 10 5 0 0.8332687653767049
1780522376.9545698 "[ 0.02058523  0.41012242  0.03394978 -0.52151924]" 1 1.0 "[ 0.02878768  0.60475045  0.0235194  -0.80331373]" 7.0 False 10 6 0 0.8257992742741788
1780522377.5193722 "[ 0.02878768  0.60475045  0.0235194  -0.80331373]" 1 1.0 "[ 0.04088269  0.7995421   0.00745312 -1.0885065 ]" 8.0 False 10 7 0 0.8208568491140444
1780522378.2407844 "[ 0.04088269  0.7995421   0.00745312 -1.0885065 ]" 0 1.0 "[ 0.05687353  0.60432273 -0.01431701 -0.7934942 ]" 9.0 False 10 8 0 0.8134986194699355
1780522378.7788532 "[ 0.05687353  0.60432273 -0.01431701 -0.7934942 ]" 0 1.0 "[ 0.06895998  0.4094002  -0.03018689 -0.50534946]" 10.0 True 10 9 1 0.8078211841606585
1780522379.3174984 "[-0.03429867 -0.04373803  0.02259225 -0.03240605]" 1 1.0 "[-0.03517343  0.15105277  0.02194413 -0.31787613]" 1.0 False 19 0 0 0.8029863582291458
