1780522365.5890708 "[ 0.01018429  0.01822499  0.02001078 -0.01405454]" 1 1.0 "[ 0.01054879  0.21305433  0.01972969 -0.30035725]" 1.0 False 5 0 0 0.8991
1780522365.5997715 "[ 0.01054879  0.21305433  0.01972969 -0.30035725]" 0 1.0 "[ 0.01480987  0.0176568   0.01372254 -0.00151786]" 2.0 False 5 1 0 0.8991
1780522365.6101704 "[ 0.01480987  0.0176568   0.01372254 -0.00151786]" 0 1.0 "[ 0.01516301 -0.17765924  0.01369218  0.2954629 ]" 3.0 False 5 2 0 0.8991
1780522365.620553 "[ 0.01516301 -0.17765924  0.01369218  0.2954629 ]" 0 1.0 "[ 0.01160982 -0.37297368  0.01960144  0.5924325 ]" 4.0 False 5 3 0 0.8991
1780522367.1588755 "[ 0.01160982 -0.37297368  0.01960144  0.5924325 ]" 1 1.0 "[ 0.00415035 -0.17813154  0.03145009  0.30598786]" 5.0 False 5 4 0 0.8991
1780522371.1028178 "[ 0.00415035 -0.17813154  0.03145009  0.30598786]" 1 1.0 "[0.00058772 0.01652846 0.03756985 0.02338708]" 6.0 False 5 5 0 0.895508991004499
1780522371.6752653 "[0.00058772 0.01652846 0.03756985 0.02338708]" 1 1.0 "[ 0.00091829  0.21109204  0.03803759 -0.25720942]" 7.0 False 5 6 0 0.8874815732991008
1780522372.2426088 "[ 0.00091829  0.21109204  0.03803759 -0.25720942]" 0 1.0 "[0.00514013 0.01544826 0.0328934  0.04722433]" 8.0 False 5 7 0 0.8804065205598663
1780522372.8095665 "[0.00514013 0.01544826 0.0328934  0.04722433]" 0 1.0 "[ 0.00544909 -0.18012954  0.03383789  0.35010126]" 9.0 False 5 8 0 0.8725144826662403
1780522373.3842685 "[ 0.00544909 -0.18012954  0.03383789  0.35010126]" 1 1.0 "[0.0018465  0.01449524 0.04083991 0.06827764]" 10.0 True 5 9 0 0.8655587484106411
1780522373.944752 "[-0.01521497  0.0353253   0.04587933 -0.04949206]" 0 1.0 "[-0.01450847 -0.16042347  0.04488949  0.25730592]" 1.0 False 13 0 0 0.8586584656575621
1780522374.5151417 "[-0.01450847 -0.16042347  0.04488949  0.25730592]" 0 1.0 "[-0.01771694 -0.3561566   0.05003561  0.5638029 ]" 2.0 False 13 1 0 0.8526658582027266
1780522375.086563 "[-0.01771694 -0.3561566   0.05003561  0.5638029 ]" 1 1.0 "[-0.02484007 -0.1617711   0.06131167  0.28729394]" 3.0 False 13 2 0 0.8475626360008509
1780522375.700805 "[-0.02484007 -0.1617711   0.06131167  0.28729394]" 0 1.0 "[-0.02807549 -0.35771137  0.06705755  0.5986664 ]" 4.0 False 13 3 1 0.8424899566858415
1780522376.2222188 "[-0.02807549 -0.35771137  0.06705755  0.5986664 ]" 1 1.0 "[-0.03522972 -0.16358861  0.07903088  0.32783687]" 5.0 False 13 4 0 0.836610189820452
1780522376.7935987 "[-0.03522972 -0.16358861  0.07903088  0.32783687]" 0 1.0 "[-0.03850149 -0.35974154  0.08558761  0.64435875]" 6.0 False 13 5 0 0.829110745908953
1780522377.363884 "[-0.03850149 -0.35974154  0.08558761  0.64435875]" 1 1.0 "[-0.04569632 -0.16591005  0.09847479  0.37980786]" 7.0 False 13 6 0 0.8225010286703565
1780522377.920827 "[-0.04569632 -0.16591005  0.09847479  0.37980786]" 0 1.0 "[-0.04901452 -0.36228245  0.10607095  0.7018442 ]" 8.0 False 13 7 0 0.8167607652325004
1780522378.6479604 "[-0.04901452 -0.36228245  0.10607095  0.7018442 ]" 1 1.0 "[-0.05626017 -0.16877815  0.12010783  0.44434547]" 9.0 False 13 8 0 0.809439253227861
1780522379.262619 "[-0.05626017 -0.16877815  0.12010783  0.44434547]" 1 1.0 "[-0.05963574  0.02445789  0.12899475  0.19180648]" 10.0 True 13 9 1 0.8054001432639079
