1780522365.5890713 "[ 0.02781104  0.04235547 -0.04201801 -0.01283601]" 1 1.0 "[ 0.02865814  0.23805404 -0.04227473 -0.31847444]" 1.0 False 1 0 0 0.8991
1780522365.5997143 "[ 0.02865814  0.23805404 -0.04227473 -0.31847444]" 0 1.0 "[ 0.03341923  0.04355889 -0.04864422 -0.03941743]" 2.0 False 1 1 0 0.8991
1780522365.6101925 "[ 0.03341923  0.04355889 -0.04864422 -0.03941743]" 0 1.0 "[ 0.0342904  -0.15083298 -0.04943257  0.2375297 ]" 3.0 False 1 2 0 0.8991
1780522365.6205287 "[ 0.0342904  -0.15083298 -0.04943257  0.2375297 ]" 1 1.0 "[ 0.03127375  0.04495906 -0.04468197 -0.07032686]" 4.0 False 1 3 0 0.8991
1780522367.1431677 "[ 0.03127375  0.04495906 -0.04468197 -0.07032686]" 1 1.0 "[ 0.03217293  0.24069217 -0.04608851 -0.37676564]" 5.0 False 1 4 0 0.8991
1780522371.0396113 "[ 0.03217293  0.24069217 -0.04608851 -0.37676564]" 0 1.0 "[ 0.03698677  0.04625408 -0.05362382 -0.09896342]" 6.0 False 1 5 0 0.8964053964008999
1780522371.6111512 "[ 0.03698677  0.04625408 -0.05362382 -0.09896342]" 0 1.0 "[ 0.03791185 -0.14805996 -0.05560309  0.17633083]" 7.0 False 1 6 0 0.8883699432423432
1780522372.1814857 "[ 0.03791185 -0.14805996 -0.05560309  0.17633083]" 0 1.0 "[ 0.03495065 -0.34234393 -0.05207647  0.4509675 ]" 8.0 False 1 7 0 0.8812878083682346
1780522372.7492983 "[ 0.03495065 -0.34234393 -0.05207647  0.4509675 ]" 0 1.0 "[ 0.02810377 -0.53669214 -0.04305713  0.7267911 ]" 9.0 False 1 8 0 0.8733878705367771
1780522373.3226583 "[ 0.02810377 -0.53669214 -0.04305713  0.7267911 ]" 1 1.0 "[ 0.01736993 -0.34100217 -0.0285213   0.42087328]" 10.0 True 1 9 0 0.8664251735842253
1780522373.9315197 "[ 0.01250804 -0.02686223 -0.0242522   0.04826139]" 0 1.0 "[ 0.01197079 -0.22162817 -0.02328697  0.33319494]" 1.0 False 12 0 1 0.8603783620032066
1780522374.4530208 "[ 0.01197079 -0.22162817 -0.02328697  0.33319494]" 1 1.0 "[ 0.00753823 -0.02618265 -0.01662307  0.0332604 ]" 2.0 False 12 1 0 0.8535193775803068
1780522375.0741837 "[ 0.00753823 -0.02618265 -0.01662307  0.0332604 ]" 0 1.0 "[ 0.00701458 -0.22106233 -0.01595786  0.32065257]" 3.0 False 12 2 1 0.849260307355254
1780522375.637385 "[ 0.00701458 -0.22106233 -0.01595786  0.32065257]" 0 1.0 "[ 0.00259333 -0.41595343 -0.00954481  0.6082606 ]" 4.0 False 12 3 1 0.8433332899758172
1780522376.164807 "[ 0.00259333 -0.41595343 -0.00954481  0.6082606 ]" 0 1.0 "[-0.00572574 -0.61094064  0.0026204   0.897922  ]" 5.0 False 12 4 0 0.836610189820452
1780522376.7848709 "[-0.00572574 -0.61094064  0.0026204   0.897922  ]" 1 1.0 "[-0.01794455 -0.4158543   0.02057884  0.60606384]" 6.0 False 12 5 1 0.8307714580536021
1780522377.2999685 "[-0.01794455 -0.4158543   0.02057884  0.60606384]" 1 1.0 "[-0.02626164 -0.22102608  0.03270012  0.31993312]" 7.0 False 12 6 0 0.8233243530233798
1780522377.8617787 "[-0.02626164 -0.22102608  0.03270012  0.31993312]" 1 1.0 "[-0.03068216 -0.02638471  0.03909878  0.03773929]" 8.0 False 12 7 0 0.8175783435760765
1780522378.589783 "[-0.03068216 -0.02638471  0.03909878  0.03773929]" 1 1.0 "[-0.03120985  0.16815539  0.03985357 -0.24235572]" 9.0 False 12 8 0 0.8102495027305916
1780522379.157364 "[-0.03120985  0.16815539  0.03985357 -0.24235572]" 1 1.0 "[-0.02784675  0.36268607  0.03500645 -0.5222062 ]" 10.0 True 12 9 0 0.8054001432639079
