1780522365.5890417 "[-4.1445043e-02  3.0432478e-02 -9.2168280e-05 -3.1352781e-02]" 1 1.0 "[-0.04083639  0.22555575 -0.00071922 -0.3240648 ]" 1.0 False 2 0 0 0.8991
1780522365.5989685 "[-0.04083639  0.22555575 -0.00071922 -0.3240648 ]" 1 1.0 "[-0.03632528  0.42068794 -0.00720052 -0.6169744 ]" 2.0 False 2 1 0 0.8991
1780522365.6092227 "[-0.03632528  0.42068794 -0.00720052 -0.6169744 ]" 1 1.0 "[-0.02791152  0.61590976 -0.01954001 -0.9119165 ]" 3.0 False 2 2 0 0.8991
1780522365.6192727 "[-0.02791152  0.61590976 -0.01954001 -0.9119165 ]" 0 1.0 "[-0.01559332  0.42105752 -0.03777834 -0.6254384 ]" 4.0 False 2 3 0 0.8991
1780522367.124858 "[-0.01559332  0.42105752 -0.03777834 -0.6254384 ]" 1 1.0 "[-0.00717217  0.6166859  -0.05028711 -0.9297758 ]" 5.0 False 2 4 0 0.8991
1780522370.9570754 "[-0.00717217  0.6166859  -0.05028711 -0.9297758 ]" 1 1.0 "[ 0.00516154  0.8124493  -0.06888262 -1.2378278 ]" 6.0 False 2 5 0 0.8973026990999999
1780522371.5735195 "[ 0.00516154  0.8124493  -0.06888262 -1.2378278 ]" 1 1.0 "[ 0.02141053  1.0083852  -0.09363918 -1.5512701 ]" 7.0 False 2 6 1 0.8901493517965845
1780522372.1046116 "[ 0.02141053  1.0083852  -0.09363918 -1.5512701 ]" 0 1.0 "[ 0.04157823  0.81450284 -0.12466458 -1.2892103 ]" 8.0 False 2 7 0 0.8821699783465812
1780522372.6703665 "[ 0.04157823  0.81450284 -0.12466458 -1.2892103 ]" 1 1.0 "[ 0.05786829  1.0109702  -0.15044878 -1.6181811 ]" 9.0 False 2 8 0 0.8742621326694466
1780522373.2445514 "[ 0.05786829  1.0109702  -0.15044878 -1.6181811 ]" 0 1.0 "[ 0.07808769  0.81790805 -0.18281241 -1.3759242 ]" 10.0 True 2 9 0 0.8672924660502757
1780522373.8097095 "[-0.048189    0.0186865  -0.02136658  0.00508786]" 0 1.0 "[-0.04781527 -0.1761226  -0.02126483  0.29095355]" 1.0 False 11 0 0 0.8603783620032066
1780522374.3727887 "[-0.04781527 -0.1761226  -0.02126483  0.29095355]" 0 1.0 "[-0.05133773 -0.370935   -0.01544575  0.57685465]" 2.0 False 11 1 0 0.8535193775803068
1780522374.9448955 "[-0.05133773 -0.370935   -0.01544575  0.57685465]" 0 1.0 "[-0.05875643 -0.5658371  -0.00390866  0.864632  ]" 3.0 False 11 2 0 0.849260307355254
1780522375.5222142 "[-0.05875643 -0.5658371  -0.00390866  0.864632  ]" 1 1.0 "[-0.07007316 -0.37066215  0.01338398  0.5707227 ]" 4.0 False 11 3 0 0.8424899566858415
1780522376.0850742 "[-0.07007316 -0.37066215  0.01338398  0.5707227 ]" 1 1.0 "[-0.07748641 -0.17573042  0.02479843  0.2822861 ]" 5.0 False 11 4 0 0.836610189820452
1780522376.6534743 "[-0.07748641 -0.17573042  0.02479843  0.2822861 ]" 1 1.0 "[-0.08100102  0.0190292   0.03044416 -0.00247351]" 6.0 False 11 5 0 0.8307714580536021
1780522377.2208314 "[-0.08100102  0.0190292   0.03044416 -0.00247351]" 1 1.0 "[-0.08062044  0.2137016   0.03039469 -0.28539762]" 7.0 False 11 6 0 0.8233243530233798
1780522377.7922912 "[-0.08062044  0.2137016   0.03039469 -0.28539762]" 1 1.0 "[-0.0763464   0.40837717  0.02468674 -0.56834143]" 8.0 False 11 7 0 0.8183967403163929
1780522378.5477033 "[-0.0763464   0.40837717  0.02468674 -0.56834143]" 0 1.0 "[-0.06817886  0.21291783  0.01331991 -0.26798457]" 9.0 False 11 8 1 0.8118724357296152
1780522379.0788398 "[-0.06817886  0.21291783  0.01331991 -0.26798457]" 1 1.0 "[-0.06392051  0.40784717  0.00796021 -0.5564367 ]" 10.0 True 11 9 0 0.8062063496135213
